2025-05-29T17:39:24.413743 - Row 8: Value error: time data 'bad date' does not match format '%Y-%m-%d'
